Case #1: 3
Case #2: 0
Case #3: IMPOSSIBLE
Case #4: 2
Case #5: 0
Case #6: IMPOSSIBLE
Case #7: IMPOSSIBLE
Case #8: 0
Case #9: 1
Case #10: 0
Case #11: IMPOSSIBLE
Case #12: IMPOSSIBLE
Case #13: 3
Case #14: 0
Case #15: IMPOSSIBLE
Case #16: IMPOSSIBLE
Case #17: IMPOSSIBLE
Case #18: IMPOSSIBLE
Case #19: IMPOSSIBLE
Case #20: 9
Case #21: IMPOSSIBLE
Case #22: 3
Case #23: IMPOSSIBLE
Case #24: 0
Case #25: IMPOSSIBLE
Case #26: 2
Case #27: 1
Case #28: 2
Case #29: IMPOSSIBLE
Case #30: IMPOSSIBLE
Case #31: 1
Case #32: IMPOSSIBLE
Case #33: IMPOSSIBLE
Case #34: IMPOSSIBLE
Case #35: IMPOSSIBLE
Case #36: IMPOSSIBLE
Case #37: IMPOSSIBLE
Case #38: IMPOSSIBLE
Case #39: IMPOSSIBLE
Case #40: IMPOSSIBLE
Case #41: 1
Case #42: 1
Case #43: IMPOSSIBLE
Case #44: 2
Case #45: 2
Case #46: 1
Case #47: IMPOSSIBLE
Case #48: IMPOSSIBLE
Case #49: 3
Case #50: IMPOSSIBLE
Case #51: 1
Case #52: 1
Case #53: 1
Case #54: IMPOSSIBLE
Case #55: IMPOSSIBLE
Case #56: IMPOSSIBLE
Case #57: 0
Case #58: 0
Case #59: IMPOSSIBLE
Case #60: IMPOSSIBLE
Case #61: IMPOSSIBLE
Case #62: 3
Case #63: 0
Case #64: 3
Case #65: IMPOSSIBLE
Case #66: 0
Case #67: IMPOSSIBLE
Case #68: IMPOSSIBLE
Case #69: 4
Case #70: IMPOSSIBLE
Case #71: IMPOSSIBLE
Case #72: IMPOSSIBLE
Case #73: 3
Case #74: IMPOSSIBLE
Case #75: 3
Case #76: 2
Case #77: IMPOSSIBLE
Case #78: IMPOSSIBLE
Case #79: 3
Case #80: IMPOSSIBLE
Case #81: 4
Case #82: 2
Case #83: 1
Case #84: 5
Case #85: IMPOSSIBLE
Case #86: IMPOSSIBLE
Case #87: 8
Case #88: IMPOSSIBLE
Case #89: 1
Case #90: IMPOSSIBLE
Case #91: IMPOSSIBLE
Case #92: IMPOSSIBLE
Case #93: 2
Case #94: 2
Case #95: 4
Case #96: 1
Case #97: IMPOSSIBLE
Case #98: IMPOSSIBLE
Case #99: 1
Case #100: IMPOSSIBLE
